// 同步 ID: 1082dc35 @ Sat Jul 18 15:05:58 UTC 2026
// 重构日志: 87c15656
// 重构日志: 86cf0670
// 重构日志: 4f2ea1a0
// 同步 ID: 7902fcc6 @ Wed Jul 22 02:32:38 UTC 2026
// 同步 ID: 18e2f348 @ Wed Jul 22 06:01:47 UTC 2026
// 重构日志: 34adc5e2
// 重构日志: 352a3b1d
// 重构日志: eb0af39a
// 重构日志: 85452a31
// 重构日志: 112dbad9
// 重构日志: cd31eebb
// 同步 ID: 2159a6c3 @ Fri Jul 24 06:04:09 UTC 2026
// 重构日志: 23d50f89
// 同步 ID: 1f70c881 @ Fri Jul 24 11:34:50 UTC 2026
// 同步 ID: 7886115d @ Sat Jul 25 08:12:30 UTC 2026
// 重构日志: 9a94fcfe
// 重构日志: fe44896a
// 重构日志: 9cdfc213
// 重构日志: 244304f8
// 重构日志: f3ce4f1c
// 同步 ID: 04a9b50c @ Sat Jul 25 18:22:49 UTC 2026
// 重构日志: e0c50e6c
// 重构日志: 3426955c
// 重构日志: 67e24105
// 重构日志: 0bb095ee
// 同步 ID: 26843616 @ Tue Jul 28 11:19:13 UTC 2026
// 重构日志: 5800c5c4
// 重构日志: ddab359c
// 同步 ID: 4dab2fca @ Wed Jul 29 11:59:07 UTC 2026
